#
# There is insufficient memory for the Java Runtime Environment to continue.
# Native memory allocation (mmap) failed to map 268435456 bytes. Error detail: G1 virtual space
# Possible reasons:
#   The system is out of physical RAM or swap space
#   This process is running with CompressedOops enabled, and the Java Heap may be blocking the growth of the native heap
# Possible solutions:
#   Reduce memory load on the system
#   Increase physical memory or swap space
#   Check if swap backing store is full
#   Decrease Java heap size (-Xmx/-Xms)
#   Decrease number of Java threads
#   Decrease Java thread stack sizes (-Xss)
#   Set larger code cache with -XX:ReservedCodeCacheSize=
#   JVM is running with Zero Based Compressed Oops mode in which the Java heap is
#     placed in the first 32GB address space. The Java Heap base address is the
#     maximum limit for the native heap growth. Please use -XX:HeapBaseMinAddress
#     to set the Java Heap base and to place the Java Heap above 32GB virtual address.
# This output file may be truncated or incomplete.
#
#  Out of Memory Error (os_windows.cpp:3766), pid=13760, tid=19872
#
# JRE version:  (25.0.2) (build )
# Java VM: OpenJDK 64-Bit Server VM (25.0.2+-15348964-b329.117, mixed mode, sharing, tiered, compressed oops, compressed class ptrs, g1 gc, windows-amd64)
# No core dump will be written. Minidumps are not enabled by default on client versions of Windows
#

---------------  S U M M A R Y ------------

Command Line: org.jetbrains.kotlin.cli.jvm.K2JVMCompiler @D:\Shaheryar_Android\Todo_Room\AndroidDev-Task1-UnitConverter\app\build\20260824_16075588406856159250.compiler.options

Host: Intel(R) Xeon(R) CPU E3-1241 v3 @ 3.50GHz, 8 cores, 15G,  Windows 10 , 64 bit Build 19041 (10.0.19041.5915)
Time: Mon Aug 24 21:51:04 2026 Pakistan Standard Time elapsed time: 0.034447 seconds (0d 0h 0m 0s)

---------------  T H R E A D  ---------------

Current thread (0x0000023b66ecc530):  JavaThread "Unknown thread" [_thread_in_vm, id=19872, stack(0x00000054f8a00000,0x00000054f8b00000) (1024K)]

Stack: [0x00000054f8a00000,0x00000054f8b00000]
Native frames: (J=compiled Java code, j=interpreted, Vv=VM code, C=native code)
V  [jvm.dll+0x7bd439]  (no source info available)
V  [jvm.dll+0x78763d]  (no source info available)
V  [jvm.dll+0xa0c885]  (no source info available)
V  [jvm.dll+0xa0ef04]  (no source info available)
V  [jvm.dll+0xa0f603]  (no source info available)
V  [jvm.dll+0x309bf6]  (no source info available)
V  [jvm.dll+0x7b9545]  (no source info available)
V  [jvm.dll+0x7ac047]  (no source info available)
V  [jvm.dll+0x3fdeab]  (no source info available)
V  [jvm.dll+0x406066]  (no source info available)
V  [jvm.dll+0x3f2516]  (no source info available)
V  [jvm.dll+0x3f27f8]  (no source info available)
V  [jvm.dll+0x3c7b82]  (no source info available)
V  [jvm.dll+0x3c899e]  (no source info available)
V  [jvm.dll+0x9d195f]  (no source info available)
V  [jvm.dll+0x4643b2]  (no source info available)
V  [jvm.dll+0x9b5762]  (no source info available)
V  [jvm.dll+0x50685e]  (no source info available)
V  [jvm.dll+0x5080e1]  (no source info available)
C  [jli.dll+0x53d5]  (no source info available)
C  [ucrtbase.dll+0x21bb2]  (no source info available)
C  [KERNEL32.DLL+0x17374]  (no source info available)
C  [ntdll.dll+0x4cc91]  (no source info available)

Lock stack of current Java thread (top to bottom):


---------------  P R O C E S S  ---------------

Threads class SMR info:
_java_thread_list=0x00007ff9a55fec08, length=0, elements={
}

Java Threads: ( => current thread )
Total: 0

Other Threads:
  0x0000023b69127a00 WorkerThread "GC Thread#0"                     [id=7820, stack(0x00000054f8b00000,0x00000054f8c00000) (1024K)]
  0x0000023b69140cc0 ConcurrentGCThread "G1 Main Marker"            [id=15276, stack(0x00000054f8c00000,0x00000054f8d00000) (1024K)]
  0x0000023b69141860 WorkerThread "G1 Conc#0"                       [id=18816, stack(0x00000054f8d00000,0x00000054f8e00000) (1024K)]

[error occurred during error reporting (printing all threads), id 0xc0000005, EXCEPTION_ACCESS_VIOLATION (0xc0000005) at pc=0x00007ff9a4c7cffa]
VM state: not at safepoint (not fully initialized)

VM Mutex/Monitor currently owned by a thread:  ([mutex/lock_event])
[0x00007ff9a5684818] Heap_lock - owner thread: 0x0000023b66ecc530

Heap address: 0x0000000701600000, size: 4074 MB, Compressed Oops mode: Zero based, Oop shift amount: 3

CDS archive(s) mapped at: [0x0000000000000000-0x0000000000000000-0x0000000000000000), size 0, SharedBaseAddress: 0x0000000800000000, ArchiveRelocationMode: 1.
UseCompressedClassPointers 1, UseCompactObjectHeaders 0
Narrow klass pointer bits 32, Max shift 3
Narrow klass base: 0xffffffffffffffff, Narrow klass shift: -1
Encoding Range: [0xffffffffffffffff - 0x000000007fffffff), (2147483648 bytes)
Klass Range:    [0x0000000000000000 - 0x0000000000000000), (0 bytes)
Klass ID Range:  [4294967295 - 0) (1)
No protection zone.

GC Precious Log:
 CardTable entry size: 512
 Card Set container configuration: InlinePtr #cards 4 size 8 Array Of Cards #cards 16 size 48 Howl #buckets 8 coarsen threshold 3686 Howl Bitmap #cards 512 size 80 coarsen threshold 460 Card regions per heap region 1 cards per card region 4096

Heap:
 garbage-first heap   total reserved 4171776K, committed 0K, used 0K [0x0000000701600000, 0x0000000800000000)
  region size 2048K, 0 young (0K), 0 survivors (0K)

Heap Regions: E=young(eden), S=young(survivor), O=old, HS=humongous(starts), HC=humongous(continues), CS=collection set, F=free, TAMS=top-at-mark-start, PB=parsable bottom

Card table byte_map: [0x0000023b7c0f0000,0x0000023b7c8f0000] _byte_map_base: 0x0000023b788e5000

Marking Bits: (CMBitMap*) 0x0000023b69128190
 Bits: [0x0000023b00000000, 0x0000023b03fa8000)

GC Heap Usage History (0 events):
No events

Metaspace Usage History (0 events):
No events

Dll operation events (1 events):
Event: 0.014 Loaded shared library D:\MyAndroid\jbr\bin\java.dll

Deoptimization events (0 events):
No events

Classes loaded (0 events):
No events

Classes unloaded (0 events):
No events

Classes redefined (0 events):
No events

Internal exceptions (0 events):
No events

VM Operations (0 events):
No events

Memory protections (0 events):
No events

Nmethod flushes (0 events):
No events

Events (0 events):
No events


Dynamic libraries:
0x00007ff77d830000 - 0x00007ff77d83a000 	D:\MyAndroid\jbr\bin\java.exe
0x00007ff9f4950000 - 0x00007ff9f4b48000 	C:\WINDOWS\SYSTEM32\ntdll.dll
0x00007ff9f3ff0000 - 0x00007ff9f40b2000 	C:\WINDOWS\System32\KERNEL32.DLL
0x00007ff9f24f0000 - 0x00007ff9f27e6000 	C:\WINDOWS\System32\KERNELBASE.dll
0x00007ff9f2290000 - 0x00007ff9f2390000 	C:\WINDOWS\System32\ucrtbase.dll
0x00007ff9e3ae0000 - 0x00007ff9e3afb000 	D:\MyAndroid\jbr\bin\VCRUNTIME140.dll
0x00007ff9d4b00000 - 0x00007ff9d4b16000 	D:\MyAndroid\jbr\bin\jli.dll
0x00007ff9f2b50000 - 0x00007ff9f2cf1000 	C:\WINDOWS\System32\USER32.dll
0x00007ff9f2910000 - 0x00007ff9f2932000 	C:\WINDOWS\System32\win32u.dll
0x00007ff9f2b20000 - 0x00007ff9f2b4b000 	C:\WINDOWS\System32\GDI32.dll
0x00007ff9f27f0000 - 0x00007ff9f2909000 	C:\WINDOWS\System32\gdi32full.dll
0x00007ff9f2140000 - 0x00007ff9f21dd000 	C:\WINDOWS\System32\msvcp_win.dll
0x00007ff9e18f0000 - 0x00007ff9e1b8b000 	C:\WINDOWS\WinSxS\amd64_microsoft.windows.common-controls_6595b64144ccf1df_6.0.19041.6456_none_60b8a6cb71f64256\COMCTL32.dll
0x00007ff9f3560000 - 0x00007ff9f35fe000 	C:\WINDOWS\System32\msvcrt.dll
0x00007ff9f34a0000 - 0x00007ff9f34cf000 	C:\WINDOWS\System32\IMM32.DLL
0x00007ff9ef2d0000 - 0x00007ff9ef2dc000 	D:\MyAndroid\jbr\bin\vcruntime140_1.dll
0x00007ff9c5e80000 - 0x00007ff9c5f0d000 	D:\MyAndroid\jbr\bin\msvcp140.dll
0x00007ff9a48a0000 - 0x00007ff9a577a000 	D:\MyAndroid\jbr\bin\server\jvm.dll
0x00007ff9f2d60000 - 0x00007ff9f2e11000 	C:\WINDOWS\System32\ADVAPI32.dll
0x00007ff9f3600000 - 0x00007ff9f369f000 	C:\WINDOWS\System32\sechost.dll
0x00007ff9f40c0000 - 0x00007ff9f41e0000 	C:\WINDOWS\System32\RPCRT4.dll
0x00007ff9f2940000 - 0x00007ff9f2967000 	C:\WINDOWS\System32\bcrypt.dll
0x00007ff9f4450000 - 0x00007ff9f44bb000 	C:\WINDOWS\System32\WS2_32.dll
0x00007ff9f14e0000 - 0x00007ff9f152b000 	C:\WINDOWS\SYSTEM32\POWRPROF.dll
0x00007ff9ea950000 - 0x00007ff9ea977000 	C:\WINDOWS\SYSTEM32\WINMM.dll
0x00007ff9ebd30000 - 0x00007ff9ebd3a000 	C:\WINDOWS\SYSTEM32\VERSION.dll
0x00007ff9f13a0000 - 0x00007ff9f13b2000 	C:\WINDOWS\SYSTEM32\UMPDC.dll
0x00007ff9f07d0000 - 0x00007ff9f07e2000 	C:\WINDOWS\SYSTEM32\kernel.appcore.dll
0x00007ff9ef2b0000 - 0x00007ff9ef2ba000 	D:\MyAndroid\jbr\bin\jimage.dll
0x00007ff9e9ff0000 - 0x00007ff9ea1f1000 	C:\WINDOWS\SYSTEM32\DBGHELP.DLL
0x00007ff9ceea0000 - 0x00007ff9ceed4000 	C:\WINDOWS\SYSTEM32\dbgcore.DLL
0x00007ff9f20b0000 - 0x00007ff9f2132000 	C:\WINDOWS\System32\bcryptPrimitives.dll
0x00007ff9e3ab0000 - 0x00007ff9e3acf000 	D:\MyAndroid\jbr\bin\java.dll
0x00007ff9f2970000 - 0x00007ff9f2a9b000 	C:\WINDOWS\System32\ole32.dll
0x00007ff9f45b0000 - 0x00007ff9f4904000 	C:\WINDOWS\System32\combase.dll
0x00007ff9f36a0000 - 0x00007ff9f3e10000 	C:\WINDOWS\System32\SHELL32.dll

JVMTI agents: none

dbghelp: loaded successfully - version: 4.0.5 - missing functions: none
symbol engine: initialized successfully - sym options: 0x614 - pdb path: .;D:\MyAndroid\jbr\bin;C:\WINDOWS\SYSTEM32;C:\WINDOWS\WinSxS\amd64_microsoft.windows.common-controls_6595b64144ccf1df_6.0.19041.6456_none_60b8a6cb71f64256;D:\MyAndroid\jbr\bin\server

VM Arguments:
java_command: org.jetbrains.kotlin.cli.jvm.K2JVMCompiler @D:\Shaheryar_Android\Todo_Room\AndroidDev-Task1-UnitConverter\app\build\20260824_16075588406856159250.compiler.options
java_class_path (initial): D:\GradleCache\caches\modules-2\files-2.1\org.jetbrains.kotlin\kotlin-compiler-embeddable\2.2.10\6882d39ef03b18879c1a5d2a83c2212361bed5fe\kotlin-compiler-embeddable-2.2.10.jar;D:\GradleCache\caches\modules-2\files-2.1\org.jetbrains.kotlin\kotlin-stdlib\2.2.10\30de6faa127a4a012db8e71bf1b9c0a99b1402b2\kotlin-stdlib-2.2.10.jar;D:\GradleCache\caches\modules-2\files-2.1\org.jetbrains.kotlin\kotlin-script-runtime\2.2.10\712f9bc08f378c13a4a00f0bbb28c76e59183e83\kotlin-script-runtime-2.2.10.jar;D:\GradleCache\caches\modules-2\files-2.1\org.jetbrains.kotlin\kotlin-reflect\1.6.10\1cbe9c92c12a94eea200d23c2bbaedaf3daf5132\kotlin-reflect-1.6.10.jar;D:\GradleCache\caches\modules-2\files-2.1\org.jetbrains.kotlin\kotlin-daemon-embeddable\2.2.10\212fd3c2c6e4e5d0f4db3c4191233e2b622380cc\kotlin-daemon-embeddable-2.2.10.jar;D:\GradleCache\caches\modules-2\files-2.1\org.jetbrains.kotlinx\kotlinx-coroutines-core-jvm\1.8.0\ac1dc37a30a93150b704022f8d895ee1bd3a36b3\kotlinx-coroutines-core-jvm-1.8.0.jar;D:\GradleCache\caches\modules-2\files-2.1\org.jetbrains\annotations\13.0\919f0dfe192fb4e063e7dacadee7f8bb9a2672a9\annotations-13.0.jar
Launcher Type: SUN_STANDARD

[Global flags]
     intx CICompilerCount                          = 4                                         {product} {ergonomic}
     uint ConcGCThreads                            = 2                                         {product} {ergonomic}
     uint G1ConcRefinementThreads                  = 8                                         {product} {ergonomic}
   size_t G1HeapRegionSize                         = 2097152                                   {product} {ergonomic}
   size_t InitialHeapSize                          = 268435456                                 {product} {ergonomic}
   size_t MarkStackSize                            = 4194304                                   {product} {ergonomic}
   size_t MarkStackSizeMax                         = 536870912                                 {product} {ergonomic}
   size_t MaxHeapSize                              = 4271898624                                {product} {ergonomic}
   size_t MinHeapDeltaBytes                        = 2097152                                   {product} {ergonomic}
   size_t MinHeapSize                              = 8388608                                   {product} {ergonomic}
    uintx NonNMethodCodeHeapSize                   = 5832704                                {pd product} {ergonomic}
    uintx NonProfiledCodeHeapSize                  = 122945536                              {pd product} {ergonomic}
    uintx ProfiledCodeHeapSize                     = 122880000                              {pd product} {ergonomic}
    uintx ReservedCodeCacheSize                    = 251658240                              {pd product} {ergonomic}
     bool SegmentedCodeCache                       = true                                      {product} {ergonomic}
   size_t SoftMaxHeapSize                          = 4271898624                             {manageable} {ergonomic}
     bool UseCompressedOops                        = true                           {product lp64_product} {ergonomic}
     bool UseG1GC                                  = true                                      {product} {ergonomic}
     bool UseLargePagesIndividualAllocation        = false                                  {pd product} {ergonomic}

Logging:
Log output configuration:
 #0: stdout all=warning uptime,level,tags foldmultilines=false
 #1: stderr all=off uptime,level,tags foldmultilines=false

Release file:
<release file has not been read>
Environment Variables:
PATH=C:\Program Files (x86)\NVIDIA Corporation\PhysX\Common;C:\ProgramData\Oracle\Java\javapath;C:\WINDOWS\system32;C:\WINDOWS;C:\WINDOWS\System32\Wbem;C:\WINDOWS\System32\WindowsPowerShell\v1.0\;C:\WINDOWS\System32\OpenSSH\;D:\Shahyar Mukhtar\Node\;D:\Scripts\;D:\;C:\Users\Others\AppData\Local\Microsoft\WindowsApps;D:\Microsoft VS Code\bin;C:\Users\Others\AppData\Roaming\npm;D:\Shahyar Mukhtar\Git\cmd;C:\Users\Others\AppData\Local\GitHubDesktop\bin
USERNAME=Others
OS=Windows_NT
PROCESSOR_IDENTIFIER=Intel64 Family 6 Model 60 Stepping 3, GenuineIntel
TMP=C:\Users\Others\AppData\Local\Temp
TEMP=C:\Users\Others\AppData\Local\Temp




Compilation memory statistics disabled.

Periodic native trim disabled

JNI global refs:
JNI global refs: 0, weak refs: 0

JNI global refs memory usage: 0, weak refs: 0

Process memory usage:
Resident Set Size: 12196K (0% of 16680596K total physical memory with 1032016K free physical memory)

OOME stack traces (most recent first):
Classloader memory used:

---------------  S Y S T E M  ---------------

OS:
 Windows 10 , 64 bit Build 19041 (10.0.19041.5915)
OS uptime: 0 days 7:11 hours
Hyper-V role detected

CPU: total 8 (initial active 8) (4 cores per cpu, 2 threads per core) family 6 model 60 stepping 3 microcode 0x27, cx8, cmov, fxsr, ht, mmx, sse, sse2, sse3, ssse3, sse4.1, sse4.2, popcnt, lzcnt, tsc, tscinvbit, avx, avx2, aes, erms, clmul, bmi1, bmi2, fma, vzeroupper, clflush, hv, rdtscp, f16c
Processor Information for the first 8 processors :
  Max Mhz: 3501, Current Mhz: 3501, Mhz Limit: 3501

Memory: 4k page, system-wide physical 16289M (1007M free)
TotalPageFile size 24481M (AvailPageFile size 82M)
current process WorkingSet (physical memory assigned to process): 11M, peak: 11M
current process commit charge ("private bytes"): 60M, peak: 316M

vm_info: OpenJDK 64-Bit Server VM (25.0.2+-15348964-b329.117) for windows-amd64 JRE (25.0.2+-15348964-b329.117), built on 2026-05-05T18:25:19Z with MS VC++ 16.10 / 16.11 (VS2019)

END.
